[www.careem.com/images/logos/header/favicon-0_0.png]
[www.careem.com/images/acma_icon_appstore.png]
[www.careem.com/images/careem-white-wink.jpg]
[backblue.gif]
[fade.gif]
[index.html]
[stackpath.bootstrapcdn.com/bootstrap/4.3.1/css/bootstrap.min.css]
[cdnjs.cloudflare.com/ajax/libs/OwlCarousel2/2.3.4/assets/owl.carousel.min.css]
[cdnjs.cloudflare.com/ajax/libs/OwlCarousel2/2.3.4/assets/owl.theme.default.min.css]
[code.jquery.com/jquery-2.2.4.min.js]
[code.jquery.com/ui/1.12.1/jquery-ui.js]
[unpkg.com/react@16.2.0/umd/react.production.min.js]
[unpkg.com/react-dom@16.2.0/umd/react-dom.production.min.js]
[cdnjs.cloudflare.com/ajax/libs/babel-polyfill/6.26.0/polyfill.min.js]
[cdnjs.cloudflare.com/ajax/libs/superagent/3.6.2/superagent.min.js]
[www.careem.com/js/jquery.smartbanner.js]
[www.careem.com/bower_components/foundation-sites/dist/js/foundation.js]
[www.careem.com/js/flickity.pkgd.min.js]
[www.careem.com/js/service/IpInfoService.js]
[www.careem.com/js/service/ServiceAreaService.js]
[www.careem.com/js/service/ServiceProviderService.js]
[www.careem.com/js/components/AutoComplete.js]
[www.careem.com/js/components/CitySearch5d4b.js]
[www.careem.com/js/components/ServiceAreas.js]
[www.careem.com/js/components/CarTypes.js]
[www.careem.com/js/components/Stories.js]
[www.careem.com/js/components/dotCMSService.js]
[www.careem.com/js/gMapStyles.js]
[www.careem.com/js/elastic-apm-rum.umd.min.js]
[cdnjs.cloudflare.com/ajax/libs/popper.js/1.14.7/umd/popper.min.js]
[stackpath.bootstrapcdn.com/bootstrap/4.3.1/js/bootstrap.min.js]
[cdnjs.cloudflare.com/ajax/libs/font-awesome/5.9.0/css/all.min.css]
[www.careem.com/pubweb-v2/images/icon-globe.png]
[cdnjs.cloudflare.com/ajax/libs/OwlCarousel2/2.3.4/owl.carousel.min.js]
[www.careem.com/pubweb-v2/js/canvas-video-player.js]
[www.careem.com/pubweb-v2/js/app-v25d4b.js]
[careem-web.s3-eu-west-1.amazonaws.com/public-assets/careemplus/tab.jpg]
[careem-web.s3-eu-west-1.amazonaws.com/public-assets/careemplus/mobile.jpg]
[careem-web.s3-eu-west-1.amazonaws.com/public-assets/careemplus/desktop.jpg]
[careem-web.s3-eu-west-1.amazonaws.com/public-assets/careemplus/instant-credit-back.png]
[careem-web.s3-eu-west-1.amazonaws.com/public-assets/careemplus/no-delivery-fees.png]
[careem-web.s3-eu-west-1.amazonaws.com/public-assets/careemplus/unlimited-bike-rides.png]
[careem-web.s3-eu-west-1.amazonaws.com/public-assets/careemplus/priority-support.png]
[careem-web.s3-eu-west-1.amazonaws.com/public-assets/careemplus/1.png]
[careem-web.s3-eu-west-1.amazonaws.com/public-assets/careemplus/2.png]
[careem-web.s3-eu-west-1.amazonaws.com/public-assets/careemplus/3.png]
[www.careem.com/pubweb-v2/images/google_play.png]
[www.careem.com/pubweb-v2/images/app_store.png]
[www.careem.com/js/GAscript5d4b.js]
[www.careem.com/pubweb-v2/js/footer5d4b.js]
[www.careem.com/en-ae/careemplus/index.html]
[stackpath.bootstrapcdn.com/bootstrap/4.3.1/css/bootstrap.min.css]
[careem-web.s3-eu-west-1.amazonaws.com/public-assets/main5d4b.css]
[cdnjs.cloudflare.com/ajax/libs/OwlCarousel2/2.3.4/assets/owl.video.play.png]
[cdnjs.cloudflare.com/ajax/libs/OwlCarousel2/2.3.4/assets/owl.carousel.min.css]
[cdnjs.cloudflare.com/ajax/libs/OwlCarousel2/2.3.4/assets/owl.theme.default.min.css]
[cdnjs.cloudflare.com/ajax/libs/font-awesome/5.9.0/css/all.min.css]
[s3-eu-west-1.amazonaws.com/unpkg-ui-lib/@careem/ui-lib/0.1.7/DefaultGrid+Footer+Header/bundle.min.js]
[www.careem.com/en-ae/careemplus/indexeac5.html]
[www.careem.com/pubweb-v2/styles/city-search-v25d4b.css]
[careem-web.s3-eu-west-1.amazonaws.com/public-assets/images/video-poster.jpg]
[careem-web.s3-eu-west-1.amazonaws.com/pubweb-v2/safety/images/careem-pattern-01.png]
